src/admin/Admin2.tsx(1580,41): error TS2339: Property 'charAt' does not exist on type 'never'.
src/admin/Admin2.tsx(1580,78): error TS2339: Property 'slice' does not exist on type 'never'.
src/admin/TEMP_BLOGS.tsx(4,27): error TS2304: Cannot find name 'axios'.
src/admin/TEMP_BLOGS.tsx(7,9): error TS2304: Cannot find name 'setBlogs'.
src/admin/TEMP_BLOGS.tsx(19,27): error TS2304: Cannot find name 'axios'.
src/admin/TEMP_BLOGS.tsx(36,29): error TS2304: Cannot find name 'formBlog'.
src/admin/TEMP_BLOGS.tsx(38,13): error TS2304: Cannot find name 'selectedBlogImage'.
src/admin/TEMP_BLOGS.tsx(39,55): error TS2304: Cannot find name 'selectedBlogImage'.
src/admin/TEMP_BLOGS.tsx(48,20): error TS2304: Cannot find name 'formBlog'.
src/admin/TEMP_BLOGS.tsx(49,22): error TS2304: Cannot find name 'formBlog'.
src/admin/TEMP_BLOGS.tsx(51,24): error TS2304: Cannot find name 'formBlog'.
src/admin/TEMP_BLOGS.tsx(54,13): error TS2304: Cannot find name 'formBlog'.
src/admin/TEMP_BLOGS.tsx(55,19): error TS2304: Cannot find name 'axios'.
src/admin/TEMP_BLOGS.tsx(55,64): error TS2304: Cannot find name 'formBlog'.
src/admin/TEMP_BLOGS.tsx(59,19): error TS2304: Cannot find name 'axios'.
src/admin/TEMP_BLOGS.tsx(74,5): error TS2304: Cannot find name 'setFormBlog'.
src/admin/TEMP_BLOGS.tsx(81,5): error TS2304: Cannot find name 'setSelectedBlogImage'.
src/admin/TEMP_BLOGS.tsx(82,5): error TS2304: Cannot find name 'setShowBlogForm'.
src/admin/TEMP_BLOGS.tsx(86,5): error TS2304: Cannot find name 'setFormBlog'.
src/admin/TEMP_BLOGS.tsx(87,5): error TS2304: Cannot find name 'setSelectedBlogImage'.
src/admin/TEMP_BLOGS.tsx(88,5): error TS2304: Cannot find name 'setShowBlogForm'.
src/admin/TEMP_BLOGS.tsx(95,15): error TS2304: Cannot find name 'axios'.
src/admin/TEMP_BLOGS.tsx(107,15): error TS2304: Cannot find name 'axios'.
src/admin/TEMP_BLOGS.tsx(126,73): error TS2304: Cannot find name 'setFormBlog'.
src/admin/TEMP_BLOGS.tsx(126,156): error TS2304: Cannot find name 'setSelectedBlogImage'.
src/admin/TEMP_BLOGS.tsx(126,184): error TS2304: Cannot find name 'setShowBlogForm'.
src/admin/TEMP_BLOGS.tsx(128,59): error TS2304: Cannot find name 'blogViewMode'.
src/admin/TEMP_BLOGS.tsx(128,117): error TS2304: Cannot find name 'setBlogViewMode'.
src/admin/TEMP_BLOGS.tsx(128,143): error TS2304: Cannot find name 'LayoutGrid'.
src/admin/TEMP_BLOGS.tsx(129,59): error TS2304: Cannot find name 'blogViewMode'.
src/admin/TEMP_BLOGS.tsx(129,117): error TS2304: Cannot find name 'setBlogViewMode'.
src/admin/TEMP_BLOGS.tsx(129,143): error TS2304: Cannot find name 'List'.
src/admin/TEMP_BLOGS.tsx(135,18): error TS2304: Cannot find name 'blogs'.
src/admin/TEMP_BLOGS.tsx(137,26): error TS2304: Cannot find name 'BookOpen'.
src/admin/TEMP_BLOGS.tsx(140,21): error TS2304: Cannot find name 'blogViewMode'.
src/admin/TEMP_BLOGS.tsx(142,26): error TS2304: Cannot find name 'blogs'.
src/admin/TEMP_BLOGS.tsx(158,42): error TS2304: Cannot find name 'CalendarDays'.
src/admin/TEMP_BLOGS.tsx(167,140): error TS2304: Cannot find name 'X'.
src/admin/TEMP_BLOGS.tsx(184,34): error TS2304: Cannot find name 'blogs'.
src/admin/TEMP_BLOGS.tsx(199,170): error TS2304: Cannot find name 'X'.
src/admin/TEMP_BLOGS.tsx(211,14): error TS2304: Cannot find name 'showBlogForm'.
src/admin/TEMP_BLOGS.tsx(215,34): error TS2304: Cannot find name 'formBlog'.
src/admin/TEMP_BLOGS.tsx(216,88): error TS2304: Cannot find name 'X'.
src/admin/TEMP_BLOGS.tsx(224,44): error TS2304: Cannot find name 'formBlog'.
src/admin/TEMP_BLOGS.tsx(225,52): error TS2304: Cannot find name 'setFormBlog'.
src/admin/TEMP_BLOGS.tsx(225,69): error TS2304: Cannot find name 'formBlog'.
src/admin/TEMP_BLOGS.tsx(232,39): error TS2304: Cannot find name 'selectedBlogImage'.
src/admin/TEMP_BLOGS.tsx(232,60): error TS2304: Cannot find name 'formBlog'.
src/admin/TEMP_BLOGS.tsx(235,54): error TS2304: Cannot find name 'selectedBlogImage'.
src/admin/TEMP_BLOGS.tsx(235,94): error TS2304: Cannot find name 'selectedBlogImage'.
src/admin/TEMP_BLOGS.tsx(235,139): error TS2304: Cannot find name 'formBlog'.
src/admin/TEMP_BLOGS.tsx(239,128): error TS2304: Cannot find name 'setSelectedBlogImage'.
src/admin/TEMP_BLOGS.tsx(239,156): error TS2304: Cannot find name 'setFormBlog'.
src/admin/TEMP_BLOGS.tsx(239,173): error TS2304: Cannot find name 'formBlog'.
src/admin/TEMP_BLOGS.tsx(246,64): error TS2304: Cannot find name 'setSelectedBlogImage'.
src/admin/TEMP_BLOGS.tsx(259,38): error TS2304: Cannot find name 'ReactQuill'.
src/admin/TEMP_BLOGS.tsx(261,48): error TS2304: Cannot find name 'formBlog'.
src/admin/TEMP_BLOGS.tsx(262,51): error TS7006: Parameter 'content' implicitly has an 'any' type.
src/admin/TEMP_BLOGS.tsx(262,62): error TS2304: Cannot find name 'setFormBlog'.
src/admin/TEMP_BLOGS.tsx(262,79): error TS2304: Cannot find name 'formBlog'.
src/admin/TEMP_BLOGS.tsx(272,46): error TS2304: Cannot find name 'formBlog'.
src/admin/TEMP_BLOGS.tsx(273,52): error TS2304: Cannot find name 'setFormBlog'.
src/admin/TEMP_BLOGS.tsx(273,69): error TS2304: Cannot find name 'formBlog'.
src/admin/TEMP_BLOGS.tsx(279,98): error TS2304: Cannot find name 'formBlog'.
src/admin/TEMP_BLOGS.tsx(279,117): error TS2304: Cannot find name 'formBlog'.
src/admin/TEMP_BLOGS.tsx(279,139): error TS2304: Cannot find name 'formBlog'.
src/admin/TEMP_BLOGS.tsx(279,162): error TS2304: Cannot find name 'selectedBlogImage'.
src/admin/TEMP_BLOGS.tsx(280,38): error TS2304: Cannot find name 'formBlog'.
